Testing char
+   scalar_count: 1
+ vpvector_count: 1
>       v1 = 7
>       v2 = 0
>    v1>v2 = 1
>    v1<v2 = 0
>   v1>=v2 = 1
>   v1<=v2 = 0
>   v1==v2 = 0
>   v1!=v2 = 1
Testing signed char
+   scalar_count: 1
+ vpvector_count: 1
>       v1 = 7
>       v2 = 0
>    v1>v2 = 1
>    v1<v2 = 0
>   v1>=v2 = 1
>   v1<=v2 = 0
>   v1==v2 = 0
>   v1!=v2 = 1
Testing unsigned char
+   scalar_count: 1
+ vpvector_count: 1
>       v1 = 7
>       v2 = 0
>    v1>v2 = 1
>    v1<v2 = 0
>   v1>=v2 = 1
>   v1<=v2 = 0
>   v1==v2 = 0
>   v1!=v2 = 1
Testing short int
+   scalar_count: 1
+ vpvector_count: 1
>       v1 = 7
>       v2 = 0
>    v1>v2 = 1
>    v1<v2 = 0
>   v1>=v2 = 1
>   v1<=v2 = 0
>   v1==v2 = 0
>   v1!=v2 = 1
Testing unsigned short int
+   scalar_count: 1
+ vpvector_count: 1
>       v1 = 7
>       v2 = 0
>    v1>v2 = 1
>    v1<v2 = 0
>   v1>=v2 = 1
>   v1<=v2 = 0
>   v1==v2 = 0
>   v1!=v2 = 1
Testing int
+   scalar_count: 1
+ vpvector_count: 1
>       v1 = 7
>       v2 = 0
>    v1>v2 = 1
>    v1<v2 = 0
>   v1>=v2 = 1
>   v1<=v2 = 0
>   v1==v2 = 0
>   v1!=v2 = 1
Testing unsigned int
+   scalar_count: 1
+ vpvector_count: 1
>       v1 = 7
>       v2 = 0
>    v1>v2 = 1
>    v1<v2 = 0
>   v1>=v2 = 1
>   v1<=v2 = 0
>   v1==v2 = 0
>   v1!=v2 = 1
Testing long int
+   scalar_count: 1
+ vpvector_count: 1
>       v1 = 7
>       v2 = 0
>    v1>v2 = 1
>    v1<v2 = 0
>   v1>=v2 = 1
>   v1<=v2 = 0
>   v1==v2 = 0
>   v1!=v2 = 1
Testing unsigned long int
+   scalar_count: 1
+ vpvector_count: 1
>       v1 = 7
>       v2 = 0
>    v1>v2 = 1
>    v1<v2 = 0
>   v1>=v2 = 1
>   v1<=v2 = 0
>   v1==v2 = 0
>   v1!=v2 = 1
