Testing char
0: 10
1: 20
2: 30
3: 40
4: 50
Testing signed char
0: 10
1: 20
2: 30
3: 40
4: 50
Testing unsigned char
0: 10
1: 20
2: 30
3: 40
4: 50
Testing short int
0: 10
1: 2560
2: 20
3: 5120
4: 30
Testing unsigned short int
0: 10
1: 2560
2: 20
3: 5120
4: 30
Testing int
0: 10
1: 2560
2: 655360
3: 167772160
4: 20
Testing unsigned int
0: 10
1: 2560
2: 655360
3: 167772160
4: 20
Testing long int
0: 10
1: 2560
2: 655360
3: 167772160
4: 20
Testing unsigned long int
0: 10
1: 2560
2: 655360
3: 167772160
4: 20
Testing float
0: 10
1: 1.08421e-19
2: 2.35418e-41
3: 6.0267e-39
4: 20
Testing double
0: 10
1: 2.75164e-135
2: 8.12046e-320
3: 2.07884e-317
4: 5.32183e-315
Testing long double
0: 10
1: 2.75164e-135
2: 8.12046e-320
3: 2.07884e-317
4: 5.32183e-315
