Testing char
10 
Testing signed char
10 
Testing unsigned char
10 
Testing short int
10 
Testing unsigned short int
10 
Testing int
10 
Testing unsigned int
10 
Testing long int
10 
Testing unsigned long int
10 
Testing float
10 
Testing double
10 
Testing long double
10 
