Testing char
10 20 30 40 50 60 70 80 90 100 110 120 -126 -116 -106 -96
10 20 30 40 50 60 70 80 90 100 110 120 -126 -116 -106 -96
Testing signed char
10 20 30 40 50 60 70 80 90 100 110 120 -126 -116 -106 -96
10 20 30 40 50 60 70 80 90 100 110 120 -126 -116 -106 -96
Testing unsigned char
10 20 30 40 50 60 70 80 90 100 110 120 130 140 150 160
10 20 30 40 50 60 70 80 90 100 110 120 130 140 150 160
Testing short int
10 20 30 40 50 60 70 80 90 100 110 120 130 140 150 160
10 20 30 40 50 60 70 80 90 100 110 120 130 140 150 160
Testing unsigned short int
10 20 30 40 50 60 70 80 90 100 110 120 130 140 150 160
10 20 30 40 50 60 70 80 90 100 110 120 130 140 150 160
Testing int
10 20 30 40 50 60 70 80 90 100 110 120 130 140 150 160
10 20 30 40 50 60 70 80 90 100 110 120 130 140 150 160
Testing unsigned int
10 20 30 40 50 60 70 80 90 100 110 120 130 140 150 160
10 20 30 40 50 60 70 80 90 100 110 120 130 140 150 160
Testing long int
10 20 30 40 50 60 70 80 90 100 110 120 130 140 150 160
10 20 30 40 50 60 70 80 90 100 110 120 130 140 150 160
Testing unsigned long int
10 20 30 40 50 60 70 80 90 100 110 120 130 140 150 160
10 20 30 40 50 60 70 80 90 100 110 120 130 140 150 160
Testing float
10 20 30 40 50 60 70 80 90 100 110 120 130 140 150 160
10 20 30 40 50 60 70 80 90 100 110 120 130 140 150 160
Testing double
10 20 30 40 50 60 70 80 90 100 110 120 130 140 150 160
10 20 30 40 50 60 70 80 90 100 110 120 130 140 150 160
Testing long double
10 20 30 40 50 60 70 80 90 100 110 120 130 140 150 160
10 20 30 40 50 60 70 80 90 100 110 120 130 140 150 160
