Testing char
+   scalar_count: 1
+ vpvector_count: 1
>       v1 = 7
>       v2 = 0
>      !v2 = 1
>   v1||v2 = 1
>   v1&&v2 = 0
Testing signed char
+   scalar_count: 1
+ vpvector_count: 1
>       v1 = 7
>       v2 = 0
>      !v2 = 1
>   v1||v2 = 1
>   v1&&v2 = 0
Testing unsigned char
+   scalar_count: 1
+ vpvector_count: 1
>       v1 = 7
>       v2 = 0
>      !v2 = 1
>   v1||v2 = 1
>   v1&&v2 = 0
Testing short int
+   scalar_count: 1
+ vpvector_count: 1
>       v1 = 7
>       v2 = 0
>      !v2 = 1
>   v1||v2 = 1
>   v1&&v2 = 0
Testing unsigned short int
+   scalar_count: 1
+ vpvector_count: 1
>       v1 = 7
>       v2 = 0
>      !v2 = 1
>   v1||v2 = 1
>   v1&&v2 = 0
Testing int
+   scalar_count: 1
+ vpvector_count: 1
>       v1 = 7
>       v2 = 0
>      !v2 = 1
>   v1||v2 = 1
>   v1&&v2 = 0
Testing unsigned int
+   scalar_count: 1
+ vpvector_count: 1
>       v1 = 7
>       v2 = 0
>      !v2 = 1
>   v1||v2 = 1
>   v1&&v2 = 0
Testing long int
+   scalar_count: 1
+ vpvector_count: 1
>       v1 = 7
>       v2 = 0
>      !v2 = 1
>   v1||v2 = 1
>   v1&&v2 = 0
Testing unsigned long int
+   scalar_count: 1
+ vpvector_count: 1
>       v1 = 7
>       v2 = 0
>      !v2 = 1
>   v1||v2 = 1
>   v1&&v2 = 0
